// Jest Snapshot v1, https://goo.gl/fbAQLP

exports[`App should match the snapshot 1`] = `
<div
  className="App"
>
  <header
    className="header"
  >
    <h1
      className="logo"
    >
      BorderHelp
    </h1>
  </header>
  <Route
    path="/"
    render={[Function]}
  />
  <div
    className="container"
  >
    <Route
      exact={true}
      path="/"
      render={[Function]}
    />
    <Route
      path="/rights"
      render={[Function]}
    />
    <Route
      path="/what-to-do"
      render={[Function]}
    />
    <Route
      path="/help"
      render={[Function]}
    />
  </div>
</div>
`;
