// Jest Snapshot v1, https://goo.gl/fbAQLP

exports[`App should match the snapshot 1`] = `
<div
  className="App"
>
  <header
    className="header"
  >
    <Link
      className="header-link"
      to="/"
    >
      <h1
        className="logo"
      >
        BorderHelp
      </h1>
    </Link>
  </header>
  <Route
    path="/"
    render={[Function]}
  />
  <div
    className="container"
  >
    <Switch>
      <Route
        exact={true}
        path="/"
        render={[Function]}
      />
      <Route
        exact={true}
        path="/rights"
        render={[Function]}
      />
      <Route
        exact={true}
        path="/what-to-do"
        render={[Function]}
      />
      <Route
        exact={true}
        path="/help"
        render={[Function]}
      />
      <Route
        exact={true}
        path="/location"
        render={[Function]}
      />
      <Route
        component={[Function]}
      />
    </Switch>
  </div>
</div>
`;
