// Jest Snapshot v1, https://goo.gl/fbAQLP

exports[`Intro should match the snapshot 1`] = `
<div
  className="category"
>
  <h2
    className="cat-name"
  >
    Introduction
  </h2>
  <Paragraph
    key="zrK2u7mJJ"
  />
  <Paragraph
    key="r4dWPR26e2"
  />
  <p
    className="footer"
  >
    Data collected from the ACLU
  </p>
</div>
`;
